[n=7] V=49 F=6364 build 0.03s  spill=/tmp/l7
    level  1:           49 states  out=  0.00 GB  edges=          49  rss=0.00GB peak=0.27GB  0.4s
    level  2:         1176 states  out=  0.00 GB  edges=        2352  rss=0.00GB peak=0.27GB  0.5s
    level  3:        18424 states  out=  0.00 GB  edges=       55272  rss=0.00GB peak=0.27GB  0.6s
    level  4:       205512 states  out=  0.00 GB  edges=      822048  rss=0.00GB peak=0.27GB  0.7s
    level  5:      1633048 states  out=  0.01 GB  edges=     8165240  rss=0.00GB peak=0.27GB  2.2s
    level  6:      8796600 states  out=  0.07 GB  edges=    52779600  rss=0.02GB peak=0.27GB  17.6s
    level  7:     29688640 states  out=  0.22 GB  edges=   207820480  rss=0.02GB peak=0.27GB  97.7s
    level  8:     56927728 states  out=  0.42 GB  edges=   455421824  rss=0.02GB peak=0.46GB  365.3s
    level  9:     55173324 states  out=  0.41 GB  edges=   496559916  rss=0.02GB peak=0.87GB  628.8s
    level 10:     23478868 states  out=  0.17 GB  edges=   234788680  rss=0.02GB peak=0.87GB  656.7s
    level 11:      3707028 states  out=  0.03 GB  edges=    40777308  rss=0.02GB peak=0.87GB  364.5s
    level 12:       177760 states  out=  0.00 GB  edges=     2133120  rss=0.02GB peak=0.87GB  56.9s
    level 13:         2176 states  out=  0.00 GB  edges=       28288  rss=0.02GB peak=0.87GB  4.3s
    level 14:           16 states  out=  0.00 GB  edges=         224  rss=0.02GB peak=0.87GB  2.0s
[n=7] safe subsets=179810350 K=14 enum 2199.92s rss=0.02GB peak=0.87GB
    level_sizes = [1,49,1176,18424,205512,1633048,8796600,29688640,56927728,55173324,23478868,3707028,177760,2176,16]
    widest level = 8 with 56927728 states
    8B x widest                      = 0.42 GB
    8B x (widest + predecessor)      = 0.65 GB
    21B x (widest + predecessor) [DP] = 1.69 GB
