build ok 2026-09-28T23:19:47+09:00
[n=6] V=36 F=2491 build 0.00s  spill=/tmp/lk_x6
    level  1:           36 states  out=  0.00 GB  edges=          36  rss=0.00GB peak=0.27GB  0.8s
    level  2:          630 states  out=  0.00 GB  edges=        1260  rss=0.00GB peak=0.27GB  0.4s
    level  3:         7140 states  out=  0.00 GB  edges=       21420  rss=0.00GB peak=0.27GB  0.4s
    level  4:        56414 states  out=  0.00 GB  edges=      225656  rss=0.00GB peak=0.27GB  0.5s
    level  5:       301952 states  out=  0.00 GB  edges=     1509760  rss=0.00GB peak=0.27GB  0.6s
    level  6:       997796 states  out=  0.01 GB  edges=     5986776  rss=0.00GB peak=0.27GB  2.0s
    level  7:      1783296 states  out=  0.01 GB  edges=    12483072  rss=0.00GB peak=0.27GB  6.9s
    level  8:      1459292 states  out=  0.01 GB  edges=    11674336  rss=0.02GB peak=0.27GB  10.8s
    level  9:       438952 states  out=  0.00 GB  edges=     3950568  rss=0.03GB peak=0.28GB  9.8s
    level 10:        35316 states  out=  0.00 GB  edges=      353160  rss=0.03GB peak=0.28GB  2.9s
    level 11:          464 states  out=  0.00 GB  edges=        5104  rss=0.03GB peak=0.28GB  0.6s
[n=6] safe subsets=5081289 K=11 enum 35.75s rss=0.03GB peak=0.28GB
    level_sizes = [1,36,630,7140,56414,301952,997796,1783296,1459292,438952,35316,464]
    widest level = 7 with 1783296 states
    8B x widest                      = 0.01 GB
    8B x (widest + predecessor)      = 0.02 GB
    21B x (widest + predecessor) [DP] = 0.05 GB
    k=10 M=       35316 E=        5104 P=    30492 N=     4824 Dbits=   2.6 best=0.000000000000 x0 edge=0.03s tot=0.11s rss=0.03GB peak=0.28GB
    k= 9 M=      438952 E=      353160 P=   213080 N=   225872 Dbits=  15.9 best=0.000000000000 x0 edge=0.02s tot=0.79s rss=0.03GB peak=0.28GB
    k= 8 M=     1459292 E=     3950568 P=   379824 N=  1079468 Dbits=  66.7 best=0.500000000000 x16 edge=0.15s tot=2.97s rss=0.07GB peak=0.28GB
    k= 7 M=     1783296 E=    11674336 P=   471360 N=  1311936 Dbits= 152.3 best=0.725925926119 x8 edge=1.34s tot=27.59s rss=0.10GB peak=0.28GB
    k= 6 M=      997796 E=    12483072 P=    84160 N=   913636 Dbits= 270.5 best=0.740000000224 x8 edge=1.58s tot=6.46s rss=0.10GB peak=0.28GB
    k= 5 M=      301952 E=     5986776 P=    79748 N=   222204 Dbits= 393.7 best=0.780347694643 x8 edge=0.74s tot=2.40s rss=0.10GB peak=0.28GB
    k= 4 M=       56414 E=     1509760 P=      612 N=    55802 Dbits= 522.9 best=0.575258783996 x8 edge=0.15s tot=0.46s rss=0.02GB peak=0.28GB
    k= 3 M=        7140 E=      225656 P=     5336 N=     1804 Dbits= 587.4 best=0.463012194261 x8 edge=0.07s tot=0.18s rss=0.02GB peak=0.28GB
    k= 2 M=         630 E=       21420 P=        0 N=      630 Dbits= 597.5 best=0.000000000000 x0 edge=0.02s tot=0.16s rss=0.02GB peak=0.28GB
    k= 1 M=          36 E=        1260 P=       36 N=        0 Dbits= 607.8 best=0.422231322154 x8 edge=0.05s tot=0.13s rss=0.02GB peak=0.28GB
    k= 0 M=           1 E=          36 P=        0 N=        1 Dbits= 636.2 best=0.000000000000 x0 edge=0.06s tot=0.18s rss=0.02GB peak=0.28GB
{
  "n": 6,
  "V": 36,
  "F": 2491,
  "method": "sort-free v-max partition (no sort, no edge-sized buffer); levels spilled to disk; 2-layer rolling window; num mod 2^61-1 (8B) + u32 fixed point (4B) + grundy (1B); lower_bound child index",
  "n_safe_subsets": 5081289,
  "level_sizes": [1,36,630,7140,56414,301952,997796,1783296,1459292,438952,35316,464],
  "max_safe_size": 11,
  "edge_total": 36211148,
  "n_P": 1265112,
  "n_N": 3816177,
  "P_max_level": 5,
  "P_max_filter_value": "0.780348",
  "thresholds_exact_all_levels": false,
  "levels": [
    {"k": 0, "size": 1, "edges": 36, "n_P": 0, "n_N": 1, "D_bits": 636.23, "thresholds_exact": false, "best_frac_exact": "0", "best_count": 0, "best_filter": 0, "secs": 0.18},
    {"k": 1, "size": 36, "edges": 1260, "n_P": 36, "n_N": 0, "D_bits": 607.79, "thresholds_exact": false, "best_frac_exact": "0", "best_count": 8, "best_filter": 0.42223132215440273, "secs": 0.13},
    {"k": 2, "size": 630, "edges": 21420, "n_P": 0, "n_N": 630, "D_bits": 597.54, "thresholds_exact": false, "best_frac_exact": "0", "best_count": 0, "best_filter": 0, "secs": 0.16},
    {"k": 3, "size": 7140, "edges": 225656, "n_P": 5336, "n_N": 1804, "D_bits": 587.36, "thresholds_exact": false, "best_frac_exact": "0", "best_count": 8, "best_filter": 0.46301219426095486, "secs": 0.18},
    {"k": 4, "size": 56414, "edges": 1509760, "n_P": 612, "n_N": 55802, "D_bits": 522.85, "thresholds_exact": false, "best_frac_exact": "0", "best_count": 8, "best_filter": 0.57525878399610519, "secs": 0.46},
    {"k": 5, "size": 301952, "edges": 5986776, "n_P": 79748, "n_N": 222204, "D_bits": 393.70, "thresholds_exact": false, "best_frac_exact": "0", "best_count": 8, "best_filter": 0.78034769464284182, "secs": 2.40},
    {"k": 6, "size": 997796, "edges": 12483072, "n_P": 84160, "n_N": 913636, "D_bits": 270.54, "thresholds_exact": false, "best_frac_exact": "0", "best_count": 8, "best_filter": 0.74000000022351742, "secs": 6.46},
    {"k": 7, "size": 1783296, "edges": 11674336, "n_P": 471360, "n_N": 1311936, "D_bits": 152.34, "thresholds_exact": false, "best_frac_exact": "0", "best_count": 8, "best_filter": 0.72592592611908913, "secs": 27.59},
    {"k": 8, "size": 1459292, "edges": 3950568, "n_P": 379824, "n_N": 1079468, "D_bits": 66.72, "thresholds_exact": false, "best_frac_exact": "0", "best_count": 16, "best_filter": 0.5, "secs": 2.97},
    {"k": 9, "size": 438952, "edges": 353160, "n_P": 213080, "n_N": 225872, "D_bits": 15.88, "thresholds_exact": true, "best_frac_exact": "0", "best_count": 0, "best_filter": 0, "secs": 0.79},
    {"k": 10, "size": 35316, "edges": 5104, "n_P": 30492, "n_N": 4824, "D_bits": 2.58, "thresholds_exact": true, "best_frac_exact": "0", "best_count": 0, "best_filter": 0, "secs": 0.11},
    {"k": 11, "size": 464, "edges": 0, "n_P": 464, "n_N": 0, "D_bits": 0.00, "thresholds_exact": false, "best_frac_exact": "0", "best_count": 0, "best_filter": 0, "secs": 0.00}
  ],
  "timing_s": {"build": 0.00, "enumerate": 35.75, "solve": 41.53, "total": 77.29},
  "peak_rss_gb": 0.276
}
exit=0 2026-09-28T23:21:13+09:00
