# exact replay: order=0 (0=count-asc 1=count-desc 2=key-asc) share_tt=0
# exact replay: id,stones,legal,is_or,budget,result,nodes,wall_s,key_lo,key_hi
replay,0,6,88,1,10000000,1,629618,1,1152921504741064708,603979778
replay,1,6,86,1,10000000,1,114239,0,1152921504741064708,612368384
replay,2,6,85,1,10000000,1,1086651,2,1152921504741065728,17627082653696
replay,3,6,75,1,10000000,1,84585,0,1152921504741072896,603981824
replay,4,6,81,1,10000000,1,156609,0,1152921504741073408,603979776
replay,5,6,78,1,10000000,1,291730,0,1152921504742115328,536870920
replay,6,6,77,1,10000000,1,253279,0,1152921504742115328,536879104
replay,7,6,76,1,10000000,1,755475,1,1152921504742115328,537001984
replay,8,6,79,1,10000000,1,151785,0,1152921504742115328,671088640
replay,9,6,84,1,10000000,2,4563084,12,1152921504742115344,536870912
replay,10,6,79,1,10000000,1,715345,1,1152921504742116352,536870912
replay,11,6,77,1,10000000,1,147429,0,1152921504742131712,536870912
replay,12,6,84,1,10000000,1,86594,0,1152921504743161856,4848615424
replay,13,6,75,1,10000000,1,144750,0,1152921504743165952,536870944
replay,14,6,75,1,10000000,1,97893,0,1152921504743165952,536936448
replay,15,6,83,1,10000000,1,231781,0,1152921504743165952,603979776
replay,16,6,80,1,10000000,1,296026,0,1152921504743168000,536870912
replay,17,6,76,1,10000000,1,617985,1,1152921504751554560,536870912
replay,18,6,78,1,10000000,1,670174,1,1152921504810274816,536870912
replay,19,6,82,1,10000000,1,97569,0,1152921505821097984,536870912
replay,20,6,82,1,10000000,1,161088,0,1152921509036040192,603979776
replay,21,6,73,1,10000000,1,120279,0,1152921509052809216,536879104
replay,22,6,79,1,10000000,1,168332,0,1152921509052809216,570425344
replay,23,6,93,1,10000000,1,999811,2,1152921521920934404,536870912
replay,24,6,97,1,10000000,0,10000000,28,1152921521923031044,536870912
replay,25,6,77,1,10000000,1,80851,0,1152921526232678400,536870912
replay,26,6,73,1,10000000,1,865745,2,1152921573462642688,536870912
replay,27,6,88,1,10000000,1,280839,0,1152925902787576064,536870920
replay,28,6,94,1,10000000,1,203969,0,1152925902787576064,570425344
replay,29,6,94,1,10000000,1,285894,0,1152925919967444996,536870912
replay,30,6,87,1,10000000,1,2575402,6,1152939096929210368,536870912
replay,31,6,73,1,10000000,1,745198,1,1152956689115254784,536870912
replay,32,6,80,1,10000000,1,124878,0,1152991873487343616,536870912
replay,33,6,77,1,10000000,1,568228,1,1153202979719876608,536870912
replay,34,6,80,1,10000000,1,146676,0,1153484454561316864,536920064
replay,35,6,75,1,10000000,1,94074,0,1153484454561316866,536903680
replay,36,6,70,1,10000000,1,80535,0,1153484454561325056,536903680
replay,37,6,80,1,10000000,2,5038470,14,1153484471741186048,536903680
replay,38,6,79,1,10000000,1,335014,0,1161928703995805700,603979776
replay,39,6,80,1,10000000,1,132797,0,1188950301761079296,536870912
replay,40,6,84,1,10000000,1,1985379,5,1224979098781093888,536870912
replay,41,6,80,1,10000000,1,130155,0,1297036692817971200,536870912
replay,42,6,86,1,10000000,1,848334,2,1441151880894877696,536870912
replay,43,6,76,1,10000000,1,240837,0,3602879701897445376,134217744
replay,44,6,76,1,10000000,1,185593,0,3602879701897445376,134217984
replay,45,6,86,1,10000000,2,6417737,18,3602879701897445376,134221824
replay,46,6,82,1,10000000,1,80268,0,3602879701897445376,134479872
replay,47,6,82,1,10000000,1,283932,0,3602879701897445376,150994944
replay,48,6,82,1,10000000,1,607681,1,3602879701897445377,134217728
replay,49,6,83,1,10000000,1,624582,1,3602879701897445392,134217728
replay,50,6,79,1,10000000,1,253223,0,3602879701897445632,134217728
replay,51,6,78,1,10000000,1,50342,0,3602879701897449472,134217728
replay,52,6,72,1,10000000,1,137920,0,3602879701897576448,134217728
replay,53,6,76,1,10000000,1,1700779,4,3602879701901639680,134217728
replay,54,6,62,1,10000000,1,49143,0,3602879702031663104,134217728
replay,55,6,82,1,10000000,1,66803,0,3602879706192412672,134217728
replay,56,6,61,1,10000000,1,23863,0,3602879770616922112,134217728
replay,57,6,72,1,10000000,1,285690,0,3602880801409073152,134217728
replay,58,6,79,1,10000000,1,84777,0,3602950070641623040,134217728
replay,59,6,84,1,10000000,1,84629,0,3620894100406927360,134217728
replay,60,6,78,1,10000000,1,125361,0,10520408729537478658,77309411328
replay,61,6,67,1,10000000,1,198937,0,10520408729537478660,67108896
replay,62,6,70,1,10000000,1,93781,0,10520408729537478660,67109376
replay,63,6,76,1,10000000,1,1236525,3,10520408729537478660,67117056
replay,64,6,80,1,10000000,1,710998,1,10520408729537478660,67371008
replay,65,6,73,1,10000000,1,236286,0,10520408729537478660,71303168
replay,66,6,79,1,10000000,1,271289,0,10520408729537478660,335544320
replay,67,6,78,1,10000000,1,66188,0,10520408729537478724,67108864
replay,68,6,97,1,10000000,1,702882,1,10520408729537479168,4311744512
replay,69,6,93,1,10000000,2,5908238,16,10520408729537479680,4311744512
replay,70,6,72,1,10000000,1,35860,0,10520408729537479684,67108864
replay,71,6,84,1,10000000,1,129964,0,10520408729537482752,37748736
replay,72,6,86,1,10000000,2,7090821,19,10520408729537482752,34363932672
replay,73,6,83,1,10000000,1,1840259,4,10520408729537740804,67108864
replay,74,6,88,1,10000000,2,6324575,17,10520408729538527232,16388
replay,75,6,69,1,10000000,1,142437,0,10520408729538527232,16448
replay,76,6,84,1,10000000,1,277928,0,10520408729538527232,17408
replay,77,6,82,1,10000000,1,143411,0,10520408729538527232,49152
replay,78,6,82,1,10000000,1,139508,0,10520408729538527232,1064960
replay,79,6,70,1,10000000,1,118682,0,10520408729538527232,67125248
replay,80,6,80,1,10000000,1,661576,1,10520408729538527232,4311744512
replay,81,6,85,1,10000000,1,845925,2,10520408729538527234,16384
replay,82,6,84,1,10000000,1,273372,0,10520408729538527240,16384
replay,83,6,88,1,10000000,1,652570,1,10520408729538527744,16384
replay,84,6,88,1,10000000,1,686440,1,10520408729538543616,16384
replay,85,6,81,1,10000000,2,5437017,15,10520408729539051520,16384
replay,86,6,80,1,10000000,1,234514,0,10520408729539575812,67108864
replay,87,6,94,1,10000000,2,6683365,19,10520408729541689344,16
replay,88,6,88,1,10000000,2,5089526,14,10520408729541689344,8192
replay,89,6,88,1,10000000,2,7140931,20,10520408729541689344,131072
replay,90,6,92,1,10000000,1,4039735,11,10520408729541689344,67108864
replay,91,6,95,1,10000000,1,1368081,3,10520408729541689346,0
replay,92,6,90,1,10000000,2,6563869,18,10520408729541689376,0
replay,93,6,100,1,10000000,0,10000000,28,10520408729541689856,0
replay,94,6,87,1,10000000,2,6931515,19,10520408729541697536,0
replay,95,6,91,1,10000000,1,191194,0,10520408729542721536,16384
replay,96,6,98,1,10000000,2,8750955,25,10520408729550077952,0
replay,97,6,59,1,10000000,1,57012,0,10520408729554255872,32896
replay,98,6,66,1,10000000,1,46534,0,10520408729554255872,34816
replay,99,6,60,1,10000000,1,35627,0,10520408729554255872,557056
replay,100,6,71,1,10000000,2,2865768,7,10520408729554255874,32768
replay,101,6,69,1,10000000,1,225599,0,10520408729554255936,32768
replay,102,6,69,1,10000000,1,247999,0,10520408729554256896,32768
replay,103,6,65,1,10000000,1,45894,0,10520408729554386944,32768
replay,104,6,64,1,10000000,1,299817,0,10520408729555304448,32768
replay,105,6,65,1,10000000,1,349316,0,10520408729562644480,32768
replay,106,6,67,1,10000000,1,132424,0,10520408729604587524,67108864
replay,107,6,72,1,10000000,1,56223,0,10520408729671696388,67108864
replay,108,6,80,1,10000000,1,130628,0,10520408729806962688,16384
replay,109,6,87,1,10000000,1,301242,0,10520408730075398144,16384
replay,110,6,68,1,10000000,1,76874,0,10520408730611220480,35651584
replay,111,6,85,1,10000000,1,56620,0,10520408730615414784,8
replay,112,6,72,1,10000000,1,83375,0,10520408730615414784,128
replay,113,6,67,1,10000000,1,135709,0,10520408730615414784,65536
replay,114,6,94,1,10000000,1,262809,0,10520408730615414784,33554432
replay,115,6,86,1,10000000,1,56427,0,10520408730615414784,536870912
replay,116,6,87,1,10000000,1,113483,0,10520408730615414800,0
replay,117,6,94,1,10000000,1,510771,1,10520408730615415296,0
replay,118,6,92,1,10000000,1,332595,0,10520408730615431168,0
replay,119,6,81,1,10000000,1,435932,1,10520408730615676928,0
replay,120,6,73,1,10000000,1,126253,0,10520408730619609088,8
replay,121,6,78,1,10000000,1,97562,0,10520408730619609088,16384
replay,122,6,86,1,10000000,1,227935,0,10520408730619609088,16777216
replay,123,6,74,1,10000000,1,120179,0,10520408730619609088,268435456
replay,124,6,81,1,10000000,1,40085,0,10520408730619609104,0
replay,125,6,77,1,10000000,1,126184,0,10520408730619610112,0
replay,126,6,71,1,10000000,1,201409,0,10520408730619641856,0
replay,127,6,72,1,10000000,1,223238,0,10520408730620657664,0
replay,128,6,74,1,10000000,1,644858,1,10520408730653163520,0
replay,129,6,74,1,10000000,1,68076,0,10520408731156480000,0
replay,130,6,99,1,10000000,0,10000000,28,10520408731689172992,0
replay,131,6,73,1,10000000,1,67075,0,10520408731701739520,32
replay,132,6,58,1,10000000,1,48383,0,10520408731701739520,32768
replay,133,6,74,1,10000000,1,350393,0,10520408731701739520,67108864
replay,134,6,84,1,10000000,1,468373,1,10520408732762898432,0
replay,135,6,93,1,10000000,2,8986186,25,10520408733832708096,8
replay,136,6,95,1,10000000,1,341895,0,10520408733832708096,8192
replay,137,6,87,1,10000000,1,814041,2,10520408733832708096,131072
replay,138,6,98,1,10000000,2,7358973,21,10520408733832708096,134217728
replay,139,6,84,1,10000000,1,162143,0,10520408733833494528,16384
replay,140,6,78,1,10000000,1,116809,0,10520408733849223168,32
replay,141,6,71,1,10000000,1,103059,0,10520408733849223168,32768
replay,142,6,97,1,10000000,1,226182,0,10520408733849223168,33554432
replay,143,6,80,1,10000000,1,384567,1,10520408738127413252,67108864
replay,144,6,87,1,10000000,1,122775,0,10520408739205349376,0
replay,145,6,89,1,10000000,1,400970,1,10520408742439157760,0
replay,146,6,64,1,10000000,1,214502,0,10520408746717347840,136
replay,147,6,87,1,10000000,1,368679,1,10520408746717347841,8
replay,148,6,77,1,10000000,1,200955,0,10520408746717347848,8
replay,149,6,64,1,10000000,1,394584,1,10520408746717347968,8
replay,150,6,82,1,10000000,1,479762,1,10520408746717349888,8
replay,151,6,68,1,10000000,1,478719,1,10520408746717478912,8
replay,152,6,84,1,10000000,2,6159487,17,10520408746718396416,16384
replay,153,6,72,1,10000000,1,419783,1,10520408746725736448,8
replay,154,6,74,1,10000000,1,109224,0,10520408746784456704,8
replay,155,6,78,1,10000000,1,237923,0,10520408747791089664,8
replay,156,6,87,1,10000000,1,1321652,3,10520408751012315136,8
replay,157,6,73,1,10000000,1,525280,1,10520408763897217026,67108864
replay,158,6,70,1,10000000,1,184114,0,10520408763897217088,67108864
replay,159,6,61,1,10000000,1,433303,1,10520408763897218048,67108864
replay,160,6,72,1,10000000,1,171724,0,10520408763897479168,67108864
replay,161,6,69,1,10000000,1,1036843,2,10520408763899314176,67108864
replay,162,6,69,1,10000000,1,142224,0,10520408764434087936,67108864
replay,163,6,91,1,10000000,2,6815755,19,10520408768192446464,0
replay,164,6,75,1,10000000,1,98330,0,10520408798258003968,16384
replay,165,6,72,1,10000000,1,198461,0,10520408799339085824,0
replay,166,6,80,1,10000000,1,271599,0,10520408815436824576,8
replay,167,6,82,1,10000000,1,145515,0,10520408868054368256,0
replay,168,6,74,1,10000000,1,684664,1,10520408871288176640,0
replay,169,6,69,1,10000000,1,40300,0,10520409004432162816,32768
replay,170,6,72,1,10000000,1,338284,0,10520409279293292548,67108864
replay,171,6,64,1,10000000,1,242882,0,10520409829065883648,32768
replay,172,6,77,1,10000000,1,628306,1,10520413127583989760,2052
replay,173,6,81,1,10000000,1,150281,0,10520413127583989764,67108864
replay,174,6,82,1,10000000,2,4979068,14,10520413127583989792,68719476736
replay,175,6,88,1,10000000,1,195454,0,10520413127583990272,68719476736
replay,176,6,88,1,10000000,1,95939,0,10520413127584006144,68719476736
replay,177,6,84,1,10000000,1,242773,0,10520413127585038336,16384
replay,178,6,81,1,10000000,1,132450,0,10520417525630500868,67108864
replay,179,6,74,1,10000000,1,275667,0,10520426321723523076,67108864
replay,180,6,75,1,10000000,1,217601,0,10520426323887783936,0
replay,181,6,85,1,10000000,2,4977171,13,10520443913909567489,16384
replay,182,6,87,1,10000000,1,497286,1,10520443913909567552,16384
replay,183,6,86,1,10000000,1,351056,0,10520443913909568512,16384
replay,184,6,73,1,10000000,1,298098,0,10520443913909633024,16384
replay,185,6,84,1,10000000,1,1251208,3,10520443913913761792,16384
replay,186,6,76,1,10000000,1,150148,0,10520443913943121920,16384
replay,187,6,78,1,10000000,2,3902040,10,10520443914446438400,16384
replay,188,6,87,1,10000000,1,515199,1,10520443916057051136,16384
replay,189,6,78,1,10000000,1,153810,0,10520443918221312000,0
replay,190,6,76,1,10000000,1,364301,0,10520443982629044224,16384
replay,191,6,80,1,10000000,1,466379,1,10520445013421195264,16384
replay,192,6,88,1,10000000,2,7168956,19,10520479098285867008,0
replay,193,6,78,1,10000000,1,232661,0,10520479102593400832,0
replay,194,6,57,1,10000000,1,99214,0,10520549467042611200,32768
replay,195,6,77,1,10000000,1,283709,0,10520549471337578496,0
replay,196,6,57,1,10000000,1,564707,1,10520690204530966528,32768
replay,197,6,81,1,10000000,1,1537266,3,10520690208809418752,0
replay,198,6,69,1,10000000,1,221305,0,10520971679491948544,16384
replay,199,6,78,1,10000000,1,479852,1,10521534629445369856,16384
replay,200,6,60,1,10000000,1,393071,1,10522660529367941120,32768
replay,201,6,82,1,10000000,1,107541,0,10529415928792219650,68719476736
replay,202,6,87,1,10000000,1,3405876,8,10538423128046960642,68719476736
replay,203,6,85,1,10000000,1,648746,1,10538423145226829824,8
# replay_done rows=204 wall_s=654
