# exact replay: order=0 (0=count-asc 1=count-desc 2=key-asc) share_tt=0
# exact replay: id,stones,legal,is_or,budget,result,nodes,wall_s,key_lo,key_hi
replay,0,6,92,1,10000000,1,285232,0,1152921504741064708,603979777
replay,1,6,86,1,10000000,1,102571,0,1152921504741064708,608174080
replay,2,6,81,1,10000000,1,177502,0,1152921504741065728,4848615424
replay,3,6,79,1,10000000,1,531655,1,1152921504741072896,603979778
replay,4,6,77,1,10000000,1,158980,0,1152921504741072896,612368384
replay,5,6,69,1,10000000,1,62438,0,1152921504742113284,603979776
replay,6,6,70,1,10000000,1,56985,0,1152921504742115328,536870976
replay,7,6,72,1,10000000,1,114002,0,1152921504742115328,536936448
replay,8,6,72,1,10000000,1,26447,0,1152921504742115328,603979776
replay,9,6,87,1,10000000,1,1488540,3,1152921504742115336,536870912
replay,10,6,73,1,10000000,1,450790,1,1152921504742115584,536870912
replay,11,6,73,1,10000000,1,67175,0,1152921504742123520,536870912
replay,12,6,73,1,10000000,1,365211,0,1152921504742639616,536870912
replay,13,6,82,1,10000000,1,173596,0,1152921504743165952,536870928
replay,14,6,87,1,10000000,1,2925322,7,1152921504743165952,536903680
replay,15,6,67,1,10000000,1,26447,0,1152921504743165952,570425344
replay,16,6,88,1,10000000,1,54450,0,1152921504743165952,34896609280
replay,17,6,82,1,10000000,1,58513,0,1152921504750503936,536870912
replay,18,6,80,1,10000000,1,78627,0,1152921504775669760,536870912
replay,19,6,72,1,10000000,1,1023325,2,1152921505820049408,536870912
replay,20,6,88,1,10000000,1,231840,0,1152921509036032004,603979776
replay,21,6,72,1,10000000,1,63504,0,1152921509052809216,536870928
replay,22,6,78,1,10000000,1,65325,0,1152921509052809216,553648128
replay,23,6,71,1,10000000,1,60120,0,1152921517642743808,536870912
replay,24,6,87,1,10000000,1,1077133,2,1152921521921984512,536870912
replay,25,6,93,1,10000000,2,7557528,20,1152921526215901188,536870912
replay,26,6,79,1,10000000,1,154158,0,1152921573461592064,536870912
replay,27,6,94,1,10000000,1,953167,2,1152925902787576064,536870916
replay,28,6,93,1,10000000,1,1002690,2,1152925902787576064,553648128
replay,29,6,89,1,10000000,1,123852,0,1152925911377510656,536870912
replay,30,6,84,1,10000000,1,222309,0,1152939096928159744,536870912
replay,31,6,77,1,10000000,1,292191,0,1152956689114204160,536870912
replay,32,6,85,1,10000000,1,136129,0,1152991873486292992,536870912
replay,33,6,75,1,10000000,1,94966,0,1153202979718825984,536870912
replay,34,6,82,1,10000000,1,486948,1,1153484454561316864,536911872
replay,35,6,82,1,10000000,1,228033,0,1153484454561316865,536903680
replay,36,6,80,1,10000000,1,67315,0,1153484454561320960,536903680
replay,37,6,74,1,10000000,1,161310,0,1153484463151251456,536903680
replay,38,6,79,1,10000000,1,60312,0,1153554823305494528,536903680
replay,39,6,84,1,10000000,1,167524,0,1170935903250554880,603979776
replay,40,6,82,1,10000000,1,75495,0,1224979098780043264,536870912
replay,41,6,70,1,10000000,1,220071,0,1225542048599244800,536903680
replay,42,6,85,1,10000000,1,126526,0,1441151880893827072,536870912
replay,43,6,73,1,10000000,1,127493,0,3602879701897445376,134217736
replay,44,6,70,1,10000000,1,100375,0,3602879701897445376,134217856
replay,45,6,73,1,10000000,1,357539,0,3602879701897445376,134219776
replay,46,6,69,1,10000000,1,128102,0,3602879701897445376,134348800
replay,47,6,87,1,10000000,1,814627,1,3602879701897445376,142606336
replay,48,6,81,1,10000000,1,78595,0,3602879701897445376,34493956096
replay,49,6,79,1,10000000,1,112299,0,3602879701897445384,134217728
replay,50,6,67,1,10000000,1,55445,0,3602879701897445504,134217728
replay,51,6,81,1,10000000,1,81229,0,3602879701897447424,134217728
replay,52,6,84,1,10000000,1,60533,0,3602879701897510912,134217728
replay,53,6,64,1,10000000,1,304859,0,3602879701899542528,134217728
replay,54,6,80,1,10000000,1,55326,0,3602879701964554240,134217728
replay,55,6,74,1,10000000,1,75956,0,3602879702971187200,134217728
replay,56,6,75,1,10000000,1,1750171,4,3602879736257183744,134217728
replay,57,6,75,1,10000000,1,192277,0,3602880251653259264,134217728
replay,58,6,79,1,10000000,1,422986,1,3602914886269534208,134217728
replay,59,6,80,1,10000000,1,308773,0,3611886901152186368,134217728
replay,60,6,84,1,10000000,1,195060,0,10520408729537478658,68727865344
replay,61,6,66,1,10000000,1,415535,1,10520408729537478660,67108872
replay,62,6,67,1,10000000,1,134590,0,10520408729537478660,67109120
replay,63,6,81,1,10000000,1,740884,1,10520408729537478660,67112960
replay,64,6,68,1,10000000,1,53347,0,10520408729537478660,67239936
replay,65,6,77,1,10000000,1,111796,0,10520408729537478660,69206016
replay,66,6,71,1,10000000,1,355334,0,10520408729537478660,201326592
replay,67,6,82,1,10000000,1,242963,0,10520408729537478676,67108864
replay,68,6,73,1,10000000,1,43405,0,10520408729537478912,4328521728
replay,69,6,82,1,10000000,1,798292,2,10520408729537479172,67108864
replay,70,6,75,1,10000000,1,138068,0,10520408729537479682,68719476736
replay,71,6,91,1,10000000,2,8142972,22,10520408729537482752,20971520
replay,72,6,90,1,10000000,1,502884,1,10520408729537482752,272629760
replay,73,6,80,1,10000000,1,229505,0,10520408729537544196,67108864
replay,74,6,77,1,10000000,1,65022,0,10520408729538002948,67108864
replay,75,6,79,1,10000000,1,76732,0,10520408729538527232,16416
replay,76,6,78,1,10000000,1,159956,0,10520408729538527232,16896
replay,77,6,87,1,10000000,2,6156848,16,10520408729538527232,24576
replay,78,6,87,1,10000000,1,1385742,3,10520408729538527232,278528
replay,79,6,84,1,10000000,1,250372,0,10520408729538527232,33570816
replay,80,6,83,1,10000000,1,118641,0,10520408729538527232,536887296
replay,81,6,87,1,10000000,1,344981,0,10520408729538527233,16384
replay,82,6,65,1,10000000,1,68132,0,10520408729538527236,67108864
replay,83,6,77,1,10000000,1,805485,1,10520408729538527360,16384
replay,84,6,79,1,10000000,1,97940,0,10520408729538535424,16384
replay,85,6,84,1,10000000,1,249709,0,10520408729538789376,16384
replay,86,6,83,1,10000000,1,139711,0,10520408729539575810,68719476736
replay,87,6,90,1,10000000,1,2088382,5,10520408729541689344,8
replay,88,6,87,1,10000000,2,7038006,19,10520408729541689344,128
replay,89,6,87,1,10000000,1,557664,1,10520408729541689344,65536
replay,90,6,100,1,10000000,0,10000000,27,10520408729541689344,33554432
replay,91,6,92,1,10000000,2,7206625,19,10520408729541689345,0
replay,92,6,98,1,10000000,2,8821549,24,10520408729541689360,0
replay,93,6,93,1,10000000,2,9388794,26,10520408729541689600,0
replay,94,6,82,1,10000000,1,165175,0,10520408729541693440,0
replay,95,6,91,1,10000000,1,262245,0,10520408729542213632,0
replay,96,6,87,1,10000000,1,380933,0,10520408729546915840,16384
replay,97,6,63,1,10000000,1,39123,0,10520408729554255872,32832
replay,98,6,68,1,10000000,1,419263,1,10520408729554255872,33792
replay,99,6,61,1,10000000,1,317862,0,10520408729554255872,163840
replay,100,6,63,1,10000000,1,785804,1,10520408729554255873,32768
replay,101,6,66,1,10000000,1,1020442,2,10520408729554255904,32768
replay,102,6,67,1,10000000,1,199219,0,10520408729554256384,32768
replay,103,6,64,1,10000000,1,487596,1,10520408729554272256,32768
replay,104,6,83,1,10000000,1,106130,0,10520408729555304448,16384
replay,105,6,89,1,10000000,1,106250,0,10520408729558466560,0
replay,106,6,95,1,10000000,2,6791551,18,10520408729575243776,0
replay,107,6,68,1,10000000,1,196713,0,10520408729621364736,32768
replay,108,6,77,1,10000000,1,239016,0,10520408729805914116,67108864
replay,109,6,82,1,10000000,1,1246080,3,10520408730074349572,67108864
replay,110,6,72,1,10000000,1,42342,0,10520408730611220480,18874368
replay,111,6,82,1,10000000,1,111288,0,10520408730615414784,4
replay,112,6,66,1,10000000,1,221213,0,10520408730615414784,64
replay,113,6,86,1,10000000,1,307383,0,10520408730615414784,32768
replay,114,6,90,1,10000000,1,2225301,5,10520408730615414784,16777216
replay,115,6,94,1,10000000,1,138519,0,10520408730615414784,268435456
replay,116,6,82,1,10000000,1,84619,0,10520408730615414792,0
replay,117,6,80,1,10000000,1,225407,0,10520408730615414912,0
replay,118,6,88,1,10000000,1,158788,0,10520408730615422976,0
replay,119,6,76,1,10000000,1,89105,0,10520408730615545856,0
replay,120,6,74,1,10000000,1,40439,0,10520408730619609088,4
replay,121,6,83,1,10000000,1,706270,1,10520408730619609088,8192
replay,122,6,80,1,10000000,1,1178651,2,10520408730619609088,262144
replay,123,6,85,1,10000000,1,337597,0,10520408730619609088,134217728
replay,124,6,83,1,10000000,2,5867413,15,10520408730619609090,0
replay,125,6,83,1,10000000,1,367511,0,10520408730619609600,0
replay,126,6,77,1,10000000,1,97694,0,10520408730619625472,0
replay,127,6,73,1,10000000,1,174419,0,10520408730619871232,0
replay,128,6,79,1,10000000,1,302184,0,10520408730648969216,0
replay,129,6,90,1,10000000,1,81483,0,10520408730883850240,0
replay,130,6,85,1,10000000,1,645405,1,10520408731686010880,16384
replay,131,6,70,1,10000000,1,287275,0,10520408731701739520,16
replay,132,6,81,1,10000000,1,3591129,9,10520408731701739520,16384
replay,133,6,86,1,10000000,1,316523,0,10520408731701739520,33554432
replay,134,6,82,1,10000000,1,176332,0,10520408731705933824,0
replay,135,6,98,1,10000000,0,10000000,27,10520408733832708096,4
replay,136,6,87,1,10000000,1,131728,0,10520408733832708096,64
replay,137,6,93,1,10000000,2,7900090,21,10520408733832708096,65536
replay,138,6,100,1,10000000,1,105744,0,10520408733832708096,67108864
replay,139,6,90,1,10000000,1,139697,0,10520408733832708096,68719476736
replay,140,6,76,1,10000000,1,296981,0,10520408733849223168,16
replay,141,6,92,1,10000000,1,354704,0,10520408733849223168,16384
replay,142,6,95,1,10000000,1,146031,0,10520408733849223168,16777216
replay,143,6,70,1,10000000,1,234352,0,10520408733849223168,268435456
replay,144,6,64,1,10000000,1,67949,0,10520408738144190464,32768
replay,145,6,98,1,10000000,1,236445,0,10520408742422642688,0
replay,146,6,65,1,10000000,1,49083,0,10520408746717347840,72
replay,147,6,80,1,10000000,1,178839,0,10520408746717347840,8200
replay,148,6,76,1,10000000,1,35572,0,10520408746717347844,67108864
replay,149,6,87,1,10000000,2,5664726,15,10520408746717347904,8
replay,150,6,83,1,10000000,1,553611,1,10520408746717348864,8
replay,151,6,72,1,10000000,1,308048,0,10520408746717380608,8
replay,152,6,80,1,10000000,1,151930,0,10520408746718396416,8
replay,153,6,89,1,10000000,2,6334321,16,10520408746721558528,0
replay,154,6,80,1,10000000,1,115995,0,10520408746750902272,8
replay,155,6,86,1,10000000,1,96905,0,10520408747254218752,8
replay,156,6,73,1,10000000,1,244636,0,10520408748881608704,0
replay,157,6,72,1,10000000,1,100690,0,10520408763897217025,67108864
replay,158,6,64,1,10000000,1,340211,0,10520408763897217056,67108864
replay,159,6,73,1,10000000,1,233592,0,10520408763897217536,67108864
replay,160,6,69,1,10000000,1,556262,1,10520408763897282560,67108864
replay,161,6,58,1,10000000,1,90419,0,10520408763898265600,67108864
replay,162,6,70,1,10000000,1,872442,2,10520408764165652480,67108864
replay,163,6,80,1,10000000,1,69284,0,10520408764979347456,0
replay,164,6,70,1,10000000,1,274305,0,10520408798256955396,67108864
replay,165,6,79,1,10000000,1,125993,0,10520408799334891520,0
replay,166,6,77,1,10000000,1,622485,1,10520408802568699904,0
replay,167,6,85,1,10000000,1,1094221,2,10520408866980642816,0
replay,168,6,88,1,10000000,1,2484605,6,10520408871271661568,0
replay,169,6,90,1,10000000,2,7520438,20,10520409004419596288,0
replay,170,6,79,1,10000000,1,106608,0,10520409021595254784,8
replay,171,6,76,1,10000000,1,450773,1,10520409829050155008,16384
replay,172,6,70,1,10000000,1,41598,0,10520410945740603392,8
replay,173,6,86,1,10000000,1,281971,0,10520413127583989762,68719476736
replay,174,6,87,1,10000000,1,142489,0,10520413127583989776,68719476736
replay,175,6,80,1,10000000,1,345863,0,10520413127583990016,68719476736
replay,176,6,89,1,10000000,2,5945705,15,10520413127583997952,68719476736
replay,177,6,88,1,10000000,1,152047,0,10520413127584251904,68719476736
replay,178,6,79,1,10000000,1,575883,1,10520417525630500866,68719476736
replay,179,6,80,1,10000000,1,295528,0,10520417542810370048,8
replay,180,6,79,1,10000000,1,261346,0,10520426322805653504,0
replay,181,6,80,1,10000000,1,508145,1,10520426338903392256,8
replay,182,6,86,1,10000000,1,211824,0,10520443913909567504,16384
replay,183,6,88,1,10000000,2,5017917,13,10520443913909568000,16384
replay,184,6,63,1,10000000,1,526952,1,10520443913909600256,16384
replay,185,6,84,1,10000000,1,579916,1,10520443913910616064,16384
replay,186,6,68,1,10000000,1,49594,0,10520443913926344704,16384
replay,187,6,78,1,10000000,1,395381,0,10520443914178002944,16384
replay,188,6,78,1,10000000,1,38882,0,10520443914991697920,0
replay,189,6,92,1,10000000,2,7848567,21,10520443918204796928,0
replay,190,6,80,1,10000000,1,72445,0,10520443948269305856,16384
replay,191,6,72,1,10000000,1,188138,0,10520444463665381376,16384
replay,192,6,82,1,10000000,1,1131835,2,10520479098282704896,16384
replay,193,6,94,1,10000000,2,8298792,22,10520479102576885760,0
replay,194,6,85,1,10000000,1,973970,2,10520549467030044672,0
replay,195,6,88,1,10000000,2,6126755,16,10520549471321063424,0
replay,196,6,87,1,10000000,1,135311,0,10520690204518400000,0
replay,197,6,72,1,10000000,1,452158,1,10520690206678450176,0
replay,198,6,65,1,10000000,1,36426,0,10520971679490899972,67108864
replay,199,6,66,1,10000000,1,46489,0,10520971680573030400,0
replay,200,6,73,1,10000000,1,124347,0,10522660529351163908,67108864
replay,201,6,81,1,10000000,1,314558,0,10524912329165897728,16384
replay,202,6,80,1,10000000,1,1422636,3,10529415945972088832,8
replay,203,6,72,1,10000000,1,289836,0,10538423128063737856,32768
# replay_done rows=204 wall_s=577
