# exact replay: order=0 (0=count-asc 1=count-desc 2=key-asc) share_tt=0
# exact replay: id,stones,legal,is_or,budget,result,nodes,wall_s,key_lo,key_hi
replay,0,6,94,1,10000000,1,1390890,3,1152921504741064708,603983872
replay,1,6,90,1,10000000,1,3293859,8,1152921504741065220,603979776
replay,2,6,82,1,10000000,1,89630,0,1152921504741072896,603979777
replay,3,6,85,1,10000000,1,57266,0,1152921504741072896,608174080
replay,4,6,73,1,10000000,1,631127,1,1152921504742113280,4848615424
replay,5,6,83,1,10000000,1,109604,0,1152921504742115328,536870944
replay,6,6,83,1,10000000,1,331184,0,1152921504742115328,536903680
replay,7,6,83,1,10000000,1,326720,0,1152921504742115328,570425344
replay,8,6,88,1,10000000,1,155182,0,1152921504742115332,536870912
replay,9,6,84,1,10000000,1,227289,0,1152921504742115456,536870912
replay,10,6,63,1,10000000,1,51391,0,1152921504742121472,603979776
replay,11,6,73,1,10000000,1,203996,0,1152921504742377472,536870912
replay,12,6,80,1,10000000,1,93492,0,1152921504743165952,536870916
replay,13,6,87,1,10000000,1,1153165,2,1152921504743165952,536887296
replay,14,6,88,1,10000000,1,404427,1,1152921504743165952,553648128
replay,15,6,83,1,10000000,1,95133,0,1152921504743165952,805306368
replay,16,6,82,1,10000000,1,1222387,2,1152921504746309632,536870912
replay,17,6,77,1,10000000,1,146814,0,1152921504759943168,536870912
replay,18,6,75,1,10000000,1,196348,0,1152921505819001856,536870912
replay,19,6,78,1,10000000,1,187950,0,1152921506888556544,603979776
replay,20,6,75,1,10000000,1,195619,0,1152921509052809216,536870920
replay,21,6,71,1,10000000,1,174818,0,1152921509052809216,536903680
replay,22,6,71,1,10000000,1,104095,0,1152921513333100544,536870912
replay,23,6,93,1,10000000,1,612572,1,1152921521921982468,536870912
replay,24,6,94,1,10000000,1,1528676,3,1152921524068417540,536870912
replay,25,6,84,1,10000000,1,134068,0,1152921539102904320,536870912
replay,26,6,95,1,10000000,1,2298426,5,1152925902787575812,603979776
replay,27,6,90,1,10000000,2,7423193,20,1152925902787576064,536887296
replay,28,6,85,1,10000000,1,155830,0,1152925902787584000,603979776
replay,29,6,79,1,10000000,1,154606,0,1152930300834095104,603979776
replay,30,6,98,1,10000000,2,9973342,28,1152943494973620480,536870912
replay,31,6,89,1,10000000,1,978496,2,1152961087159664896,536870912
replay,32,6,72,1,10000000,1,202720,0,1153062242231521280,536870912
replay,33,6,72,1,10000000,1,68501,0,1153484454561316864,536903688
replay,34,6,78,1,10000000,1,304405,0,1153484454561316864,34896642048
replay,35,6,82,1,10000000,1,80315,0,1153484454561318912,536903680
replay,36,6,82,1,10000000,2,4196641,11,1153484454569705472,536903680
replay,37,6,73,1,10000000,1,278925,0,1153519638933405696,536903680
replay,38,6,88,1,10000000,1,150041,0,1170935903250546692,603979776
replay,39,6,90,1,10000000,2,6772236,18,1188954699806540032,536870912
replay,40,6,95,1,10000000,2,6847569,18,1224983496825504000,536870912
replay,41,6,95,1,10000000,1,351619,0,1297041090863431936,536870912
replay,42,6,80,1,10000000,1,120779,0,3602879701897445376,134217732
replay,43,6,63,1,10000000,1,65483,0,3602879701897445376,134217792
replay,44,6,80,1,10000000,1,77225,0,3602879701897445376,134218752
replay,45,6,78,1,10000000,1,456507,1,3602879701897445376,134234112
replay,46,6,82,1,10000000,1,93739,0,3602879701897445376,138412032
replay,47,6,58,1,10000000,1,257059,0,3602879701897445376,201326592
replay,48,6,80,1,10000000,1,120613,0,3602879701897445380,134217728
replay,49,6,80,1,10000000,1,115194,0,3602879701897445440,134217728
replay,50,6,78,1,10000000,1,1734361,4,3602879701897446400,134217728
replay,51,6,71,1,10000000,1,183564,0,3602879701897478144,134217728
replay,52,6,82,1,10000000,1,333931,0,3602879701897969664,134217728
replay,53,6,71,1,10000000,1,979893,2,3602879701930999808,134217728
replay,54,6,77,1,10000000,1,420425,1,3602879702434316288,134217728
replay,55,6,84,1,10000000,1,86302,0,3602879719077314560,134217728
replay,56,6,78,1,10000000,1,249344,0,3602879976775352320,134217728
replay,57,6,84,1,10000000,1,65570,0,3602888497990467584,134217728
replay,58,6,65,1,10000000,1,161340,0,3604005601804288000,134217728
replay,59,6,86,1,10000000,1,250700,0,10520408729537478658,68723671040
replay,60,6,68,1,10000000,1,41757,0,10520408729537478660,67108868
replay,61,6,61,1,10000000,1,57248,0,10520408729537478660,67108992
replay,62,6,74,1,10000000,1,59964,0,10520408729537478660,67110912
replay,63,6,65,1,10000000,1,52067,0,10520408729537478660,67174400
replay,64,6,72,1,10000000,1,267139,0,10520408729537478660,68157440
replay,65,6,73,1,10000000,1,288266,0,10520408729537478660,100663296
replay,66,6,70,1,10000000,1,306795,0,10520408729537478668,67108864
replay,67,6,82,1,10000000,1,360216,0,10520408729537478912,4311744512
replay,68,6,80,1,10000000,1,66619,0,10520408729537479168,17626545782784
replay,69,6,98,1,10000000,2,9606190,26,10520408729537479680,274894684160
replay,70,6,86,1,10000000,1,612080,1,10520408729537482752,4202496
replay,71,6,90,1,10000000,1,1182307,2,10520408729537482752,138412032
replay,72,6,77,1,10000000,1,197473,0,10520408729537511428,67108864
replay,73,6,65,1,10000000,1,100440,0,10520408729538002944,4328521728
replay,74,6,83,1,10000000,1,147354,0,10520408729538527232,16400
replay,75,6,77,1,10000000,1,257316,0,10520408729538527232,16640
replay,76,6,86,1,10000000,1,1823316,4,10520408729538527232,20480
replay,77,6,80,1,10000000,1,564964,1,10520408729538527232,147456
replay,78,6,86,1,10000000,1,170587,0,10520408729538527232,16793600
replay,79,6,87,1,10000000,2,6287129,17,10520408729538527232,268451840
replay,80,6,87,1,10000000,1,3851634,9,10520408729538527232,34359754752
replay,81,6,87,1,10000000,1,455526,1,10520408729538527236,16384
replay,82,6,89,1,10000000,2,7775045,22,10520408729538527296,16384
replay,83,6,85,1,10000000,1,106445,0,10520408729538529280,16384
replay,84,6,79,1,10000000,1,723021,1,10520408729538658304,16384
replay,85,6,81,1,10000000,1,173557,0,10520408729539575808,4328521728
replay,86,6,94,1,10000000,2,7183209,20,10520408729541689344,4
replay,87,6,83,1,10000000,1,794286,1,10520408729541689344,64
replay,88,6,92,1,10000000,2,6659049,18,10520408729541689344,32768
replay,89,6,99,1,10000000,2,9298793,25,10520408729541689344,16777216
replay,90,6,95,1,10000000,2,7284322,19,10520408729541689344,268435456
replay,91,6,88,1,10000000,1,102282,0,10520408729541689352,0
replay,92,6,93,1,10000000,2,8751547,23,10520408729541689472,0
replay,93,6,92,1,10000000,1,958445,2,10520408729541691392,0
replay,94,6,89,1,10000000,2,5577451,15,10520408729541820416,0
replay,95,6,79,1,10000000,1,460844,1,10520408729545867268,67108864
replay,96,6,67,1,10000000,1,329042,0,10520408729554255872,32776
replay,97,6,64,1,10000000,1,145390,0,10520408729554255872,33280
replay,98,6,68,1,10000000,1,144212,0,10520408729554255872,49152
replay,99,6,73,1,10000000,1,244608,0,10520408729554255872,33587200
replay,100,6,66,1,10000000,1,2422899,6,10520408729554255888,32768
replay,101,6,66,1,10000000,1,127222,0,10520408729554256128,32768
replay,102,6,61,1,10000000,1,86648,0,10520408729554259968,32768
replay,103,6,62,1,10000000,1,646362,1,10520408729554780160,32768
replay,104,6,73,1,10000000,2,3343927,8,10520408729558450176,32768
replay,105,6,90,1,10000000,2,6467841,17,10520408729572081664,16384
replay,106,6,91,1,10000000,2,5637271,15,10520408729608798208,0
replay,107,6,81,1,10000000,1,680966,1,10520408729675907072,0
replay,108,6,67,1,10000000,1,182381,0,10520408729822691328,32768
replay,109,6,62,1,10000000,1,126280,0,10520408730611220480,2113536
replay,110,6,80,1,10000000,1,361569,0,10520408730612269056,16384
replay,111,6,81,1,10000000,1,147745,0,10520408730615414784,32
replay,112,6,93,1,10000000,1,190883,0,10520408730615414784,16384
replay,113,6,88,1,10000000,1,96383,0,10520408730615414784,262144
replay,114,6,95,1,10000000,1,152461,0,10520408730615414784,134217728
replay,115,6,78,1,10000000,1,610592,1,10520408730615414788,0
replay,116,6,82,1,10000000,1,115769,0,10520408730615414848,0
replay,117,6,75,1,10000000,1,108683,0,10520408730615418880,0
replay,118,6,79,1,10000000,1,838757,2,10520408730615480320,0
replay,119,6,90,1,10000000,1,706069,1,10520408730617511936,0
replay,120,6,77,1,10000000,1,306548,0,10520408730619609088,32
replay,121,6,74,1,10000000,1,53978,0,10520408730619609088,131072
replay,122,6,76,1,10000000,1,100929,0,10520408730619609088,67108864
replay,123,6,81,1,10000000,1,234406,0,10520408730619609089,0
replay,124,6,75,1,10000000,1,784300,1,10520408730619609344,0
replay,125,6,74,1,10000000,1,78152,0,10520408730619617280,0
replay,126,6,67,1,10000000,1,400923,1,10520408730619740160,0
replay,127,6,82,1,10000000,1,370868,0,10520408730623803392,0
replay,128,6,75,1,10000000,1,786236,1,10520408730686717952,0
replay,129,6,80,1,10000000,1,564025,1,10520408731684962308,67108864
replay,130,6,74,1,10000000,1,105734,0,10520408731701739520,8
replay,131,6,85,1,10000000,1,162666,0,10520408731701739520,8192
replay,132,6,79,1,10000000,1,70067,0,10520408731701739520,16777216
replay,133,6,73,1,10000000,1,1546456,4,10520408731701739520,268435456
replay,134,6,81,1,10000000,1,78473,0,10520408733832445956,67108864
replay,135,6,86,1,10000000,1,1193403,2,10520408733832708096,32
replay,136,6,92,1,10000000,2,7158437,19,10520408733832708096,32768
replay,137,6,100,1,10000000,1,4041040,10,10520408733832708096,33554432
replay,138,6,97,1,10000000,2,9872530,26,10520408733832708096,34359738368
replay,139,6,89,1,10000000,1,370156,0,10520408733849223168,8
replay,140,6,93,1,10000000,1,113140,0,10520408733849223168,8192
replay,141,6,80,1,10000000,1,121642,0,10520408733849223168,131072
replay,142,6,95,1,10000000,1,1379181,3,10520408733849223168,134217728
replay,143,6,90,1,10000000,2,6926045,18,10520408738131623936,0
replay,144,6,83,1,10000000,1,144569,0,10520408740291674112,0
replay,145,6,78,1,10000000,1,287557,0,10520408746717347840,40
replay,146,6,69,1,10000000,1,56570,0,10520408746717347840,1032
replay,147,6,77,1,10000000,1,463840,1,10520408746717347844,8
replay,148,6,76,1,10000000,1,249148,0,10520408746717347872,8
replay,149,6,87,1,10000000,1,670208,1,10520408746717348352,8
replay,150,6,80,1,10000000,1,729581,1,10520408746717364224,8
replay,151,6,83,1,10000000,2,3984007,10,10520408746717872128,8
replay,152,6,81,1,10000000,2,4694174,12,10520408746721542144,8
replay,153,6,69,1,10000000,1,182581,0,10520408746734125056,32768
replay,154,6,86,1,10000000,1,756291,1,10520408746985783296,8
replay,155,6,83,1,10000000,2,4085893,10,10520408748864831488,8
replay,156,6,88,1,10000000,1,194949,0,10520408751029092352,0
replay,157,6,70,1,10000000,1,92322,0,10520408763897217040,67108864
replay,158,6,66,1,10000000,1,155314,0,10520408763897217280,67108864
replay,159,6,71,1,10000000,1,337699,0,10520408763897233408,67108864
replay,160,6,88,1,10000000,2,6467934,17,10520408763898265600,16384
replay,161,6,67,1,10000000,1,50984,0,10520408763930771456,67108864
replay,162,6,85,1,10000000,1,209593,0,10520408764975153152,0
replay,163,6,70,1,10000000,1,392180,0,10520408781077086208,8
replay,164,6,58,1,10000000,1,92870,0,10520408798273732608,32768
replay,165,6,88,1,10000000,2,4987620,13,10520408802552184832,0
replay,166,6,75,1,10000000,1,215466,0,10520408866977480704,16384
replay,167,6,63,1,10000000,1,27000,0,10520408869140692992,0
replay,168,6,84,1,10000000,1,554111,1,10520409004416434176,16384
replay,169,6,81,1,10000000,1,2399781,5,10520409005497516032,0
replay,170,6,58,1,10000000,1,58046,0,10520409829049106436,67108864
replay,171,6,68,1,10000000,1,56363,0,10520410928577511424,32768
replay,172,6,85,1,10000000,2,5036075,13,10520413127583989761,68719476736
replay,173,6,78,1,10000000,1,682563,1,10520413127583989768,68719476736
replay,174,6,80,1,10000000,1,544358,1,10520413127583989888,68719476736
replay,175,6,81,1,10000000,1,98826,0,10520413127583993856,68719476736
replay,176,6,80,1,10000000,1,411155,1,10520413127584120832,68719476736
replay,177,6,63,1,10000000,1,487058,1,10520413127600766976,32768
replay,178,6,67,1,10000000,1,30475,0,10520417525647278080,32768
replay,179,6,89,1,10000000,1,121447,0,10520426322801459200,0
replay,180,6,82,1,10000000,1,319158,0,10520426326035267584,0
replay,181,6,79,1,10000000,1,149620,0,10520443913909567496,16384
replay,182,6,83,1,10000000,1,159066,0,10520443913909567744,16384
replay,183,6,82,1,10000000,2,4379722,11,10520443913909583872,16384
replay,184,6,80,1,10000000,1,483837,1,10520443913910091776,16384
replay,185,6,74,1,10000000,1,235132,0,10520443913917956096,16384
replay,186,6,78,1,10000000,1,281404,0,10520443914043785216,16384
replay,187,6,86,1,10000000,1,716367,1,10520443914987503616,0
replay,188,6,86,1,10000000,1,600257,1,10520443918204534784,16384
replay,189,6,73,1,10000000,1,2174695,5,10520443931089436672,16384
replay,190,6,80,1,10000000,1,669964,1,10520444188787474432,16384
replay,191,6,82,1,10000000,1,684298,1,10520448311956078592,16384
replay,192,6,71,1,10000000,1,37767,0,10520479100445917184,0
replay,193,6,76,1,10000000,1,64543,0,10520549467026882560,16384
replay,194,6,74,1,10000000,1,173874,0,10520549468107964416,0
replay,195,6,71,1,10000000,1,190850,0,10520690204514189316,67108864
replay,196,6,70,1,10000000,1,140259,0,10520690205596319744,0
replay,197,6,70,1,10000000,1,304425,0,10520690221694058496,8
replay,198,6,78,1,10000000,1,65295,0,10520971680568836096,0
replay,199,6,76,1,10000000,1,210617,0,10521534646624190464,8
replay,200,6,77,1,10000000,1,181753,0,10524912329164849156,67108864
replay,201,6,67,1,10000000,1,174797,0,10529415928808996864,32768
replay,202,6,85,1,10000000,1,440117,1,10538423128048009216,16384
replay,203,6,70,1,10000000,1,75952,0,10952754294302965760,68719476736
# replay_done rows=204 wall_s=687
