# exact replay: order=0 (0=count-asc 1=count-desc 2=key-asc) share_tt=0
# exact replay: id,stones,legal,is_or,budget,result,nodes,wall_s,key_lo,key_hi
replay,0,6,84,1,10000000,1,158619,0,1152921504741064708,603981824
replay,1,6,79,1,10000000,1,311586,0,1152921504741065216,4848615424
replay,2,6,79,1,10000000,1,193380,0,1152921504741065732,603979776
replay,3,6,85,1,10000000,1,222779,0,1152921504741072896,603983872
replay,4,6,71,1,10000000,1,123130,0,1152921504741073920,603979776
replay,5,6,87,1,10000000,1,820363,1,1152921504742115328,536870928
replay,6,6,87,1,10000000,1,86371,0,1152921504742115328,536887296
replay,7,6,75,1,10000000,1,823564,1,1152921504742115328,553648128
replay,8,6,76,1,10000000,1,365931,0,1152921504742115330,536870912
replay,9,6,88,1,10000000,2,4618636,11,1152921504742115392,536870912
replay,10,6,74,1,10000000,1,823138,1,1152921504742119424,536870912
replay,11,6,69,1,10000000,1,1016944,2,1152921504742148096,536870912
replay,12,6,94,1,10000000,1,118843,0,1152921504743161860,603979776
replay,13,6,81,1,10000000,1,696750,1,1152921504743165952,536879104
replay,14,6,73,1,10000000,1,71419,0,1152921504743165952,537001984
replay,15,6,81,1,10000000,1,397156,0,1152921504743165952,671088640
replay,16,6,83,1,10000000,1,213656,0,1152921504743170048,603979776
replay,17,6,78,1,10000000,1,321897,0,1152921504758892544,536870912
replay,18,6,77,1,10000000,1,2508767,6,1152921505819001344,536870912
replay,19,6,89,1,10000000,1,863502,1,1152921506888548356,603979776
replay,20,6,82,1,10000000,1,155619,0,1152921509052809216,536870916
replay,21,6,82,1,10000000,1,123667,0,1152921509052809216,536887296
replay,22,6,79,1,10000000,1,168356,0,1152921513332049920,536870912
replay,23,6,84,1,10000000,1,424185,1,1152921521920934916,536870912
replay,24,6,82,1,10000000,1,1465643,3,1152921521923035136,536870912
replay,25,6,87,1,10000000,1,113598,0,1152921539101853696,536870912
replay,26,6,76,1,10000000,1,88313,0,1152921642181068800,536870912
replay,27,6,93,1,10000000,2,8500546,22,1152925902787576064,536879104
replay,28,6,99,1,10000000,0,10000000,26,1152925902787576064,34896609280
replay,29,6,88,1,10000000,1,219181,0,1152930300834086916,603979776
replay,30,6,76,1,10000000,1,148473,0,1152939101238853632,536870912
replay,31,6,64,1,10000000,1,51859,0,1152956693424898048,536870912
replay,32,6,71,1,10000000,1,57374,0,1153062242230470656,536870912
replay,33,6,85,1,10000000,1,218668,0,1153484454561316864,536903684
replay,34,6,74,1,10000000,1,325852,0,1153484454561316864,570458112
replay,35,6,77,1,10000000,1,56866,0,1153484454561316868,536903680
replay,36,6,86,1,10000000,2,6706925,17,1153484454565511168,536903680
replay,37,6,81,1,10000000,1,66081,0,1153484488921055232,536903680
replay,38,6,71,1,10000000,1,121161,0,1161928703995813888,603979776
replay,39,6,74,1,10000000,1,41041,0,1188950306071773184,536870912
replay,40,6,65,1,10000000,1,46885,0,1224979103090737152,536870912
replay,41,6,76,1,10000000,1,64308,0,1297036692819021824,536870912
replay,42,6,70,1,10000000,1,54308,0,1729382257046589440,536870912
replay,43,6,68,1,10000000,1,72345,0,3602879701897445376,134217760
replay,44,6,74,1,10000000,1,545683,1,3602879701897445376,134218240
replay,45,6,79,1,10000000,1,540873,1,3602879701897445376,134225920
replay,46,6,70,1,10000000,1,23863,0,3602879701897445376,135266304
replay,47,6,82,1,10000000,1,451392,1,3602879701897445376,167772160
replay,48,6,78,1,10000000,1,80535,0,3602879701897445378,134217728
replay,49,6,69,1,10000000,1,195317,0,3602879701897445408,134217728
replay,50,6,84,1,10000000,1,103307,0,3602879701897445888,134217728
replay,51,6,71,1,10000000,1,95181,0,3602879701897461760,134217728
replay,52,6,82,1,10000000,1,975560,2,3602879701897707520,134217728
replay,53,6,83,1,10000000,1,152710,0,3602879701905833984,134217728
replay,54,6,71,1,10000000,1,474778,1,3602879702165880832,134217728
replay,55,6,81,1,10000000,1,135887,0,3602879710487379968,134217728
replay,56,6,74,1,10000000,1,210306,0,3602879839336398848,134217728
replay,57,6,85,1,10000000,1,403341,1,3602884099943956480,134217728
replay,58,6,72,1,10000000,1,67618,0,3603161176874156032,134217728
replay,59,6,86,1,10000000,1,103656,0,10520408729537478658,68719478784
replay,60,6,88,1,10000000,1,1197026,2,10520408729537478658,85899345920
replay,61,6,61,1,10000000,1,125270,0,10520408729537478660,67108928
replay,62,6,63,1,10000000,1,86027,0,10520408729537478660,67109888
replay,63,6,73,1,10000000,1,451823,1,10520408729537478660,67125248
replay,64,6,72,1,10000000,1,216288,0,10520408729537478660,67633152
replay,65,6,80,1,10000000,1,479789,1,10520408729537478660,75497472
replay,66,6,80,1,10000000,1,84463,0,10520408729537478662,67108864
replay,67,6,73,1,10000000,1,45739,0,10520408729537478788,67108864
replay,68,6,78,1,10000000,1,42453,0,10520408729537479168,4328521728
replay,69,6,83,1,10000000,1,912825,2,10520408729537479680,4328521728
replay,70,6,79,1,10000000,1,77032,0,10520408729537480708,67108864
replay,71,6,77,1,10000000,1,98330,0,10520408729537482752,71303168
replay,72,6,80,1,10000000,1,120909,0,10520408729537495044,67108864
replay,73,6,75,1,10000000,1,68805,0,10520408729538002944,4311744512
replay,74,6,78,1,10000000,1,298479,0,10520408729538527232,16392
replay,75,6,82,1,10000000,1,374608,0,10520408729538527232,16512
replay,76,6,77,1,10000000,1,196833,0,10520408729538527232,18432
replay,77,6,71,1,10000000,1,1626758,3,10520408729538527232,81920
replay,78,6,78,1,10000000,1,213925,0,10520408729538527232,2113536
replay,79,6,84,1,10000000,1,413217,1,10520408729538527232,134234112
replay,80,6,74,1,10000000,1,64476,0,10520408729538527232,4328521728
replay,81,6,65,1,10000000,1,58513,0,10520408729538527234,68719476736
replay,82,6,90,1,10000000,1,451252,1,10520408729538527248,16384
replay,83,6,81,1,10000000,2,5573429,14,10520408729538528256,16384
replay,84,6,85,1,10000000,1,227180,0,10520408729538592768,16384
replay,85,6,94,1,10000000,1,76604,0,10520408729539575808,4311744512
replay,86,6,75,1,10000000,1,73041,0,10520408729541672964,67108864
replay,87,6,81,1,10000000,1,55409,0,10520408729541689344,32
replay,88,6,95,1,10000000,2,9152622,24,10520408729541689344,16384
replay,89,6,90,1,10000000,2,6444175,16,10520408729541689344,262144
replay,90,6,89,1,10000000,1,1205553,2,10520408729541689344,134217728
replay,91,6,84,1,10000000,1,1531756,3,10520408729541689348,0
replay,92,6,99,1,10000000,2,8516525,22,10520408729541689408,0
replay,93,6,98,1,10000000,2,9234123,24,10520408729541690368,0
replay,94,6,90,1,10000000,1,152327,0,10520408729541754880,0
replay,95,6,92,1,10000000,1,2576158,5,10520408729542737920,0
replay,96,6,66,1,10000000,1,198005,0,10520408729554255872,32772
replay,97,6,56,1,10000000,1,35627,0,10520408729554255872,33024
replay,98,6,71,1,10000000,1,301028,0,10520408729554255872,40960
replay,99,6,69,1,10000000,1,63655,0,10520408729554255872,16809984
replay,100,6,60,1,10000000,1,249951,0,10520408729554255880,32768
replay,101,6,64,1,10000000,1,63151,0,10520408729554256000,32768
replay,102,6,66,1,10000000,1,538196,1,10520408729554257920,32768
replay,103,6,70,1,10000000,1,151363,0,10520408729554518016,32768
replay,104,6,68,1,10000000,1,60595,0,10520408729556353024,32768
replay,105,6,80,1,10000000,1,54511,0,10520408729571033092,67108864
replay,106,6,85,1,10000000,1,92462,0,10520408729605636096,16384
replay,107,6,82,1,10000000,1,451804,1,10520408729672744960,16384
replay,108,6,91,1,10000000,1,286870,0,10520408729810124800,0
replay,109,6,69,1,10000000,1,82588,0,10520408730611220480,2105344
replay,110,6,70,1,10000000,1,60422,0,10520408730611220484,67108864
replay,111,6,83,1,10000000,1,218857,0,10520408730615414784,16
replay,112,6,91,1,10000000,1,1468881,3,10520408730615414784,8192
replay,113,6,82,1,10000000,1,89422,0,10520408730615414784,131072
replay,114,6,82,1,10000000,1,329435,0,10520408730615414784,67108864
replay,115,6,95,1,10000000,1,106273,0,10520408730615414786,0
replay,116,6,82,1,10000000,1,350973,0,10520408730615414816,0
replay,117,6,87,1,10000000,1,876259,1,10520408730615415808,0
replay,118,6,82,1,10000000,1,1248041,2,10520408730615447552,0
replay,119,6,81,1,10000000,1,2895033,6,10520408730616463360,0
replay,120,6,77,1,10000000,1,254606,0,10520408730619609088,16
replay,121,6,77,1,10000000,1,101668,0,10520408730619609088,32768
replay,122,6,77,1,10000000,1,76874,0,10520408730619609088,33554432
replay,123,6,72,1,10000000,1,30084,0,10520408730619609088,536870912
replay,124,6,72,1,10000000,1,191914,0,10520408730619609120,0
replay,125,6,77,1,10000000,1,100883,0,10520408730619611136,0
replay,126,6,72,1,10000000,1,219016,0,10520408730619674624,0
replay,127,6,80,1,10000000,1,131795,0,10520408730621706240,0
replay,128,6,85,1,10000000,1,410659,0,10520408730682523648,0
replay,129,6,88,1,10000000,1,1603685,3,10520408731684962306,68719476736
replay,130,6,79,1,10000000,1,606384,1,10520408731701739520,4
replay,131,6,72,1,10000000,1,53826,0,10520408731701739520,64
replay,132,6,76,1,10000000,1,277306,0,10520408731701739520,65536
replay,133,6,77,1,10000000,1,174990,0,10520408731701739520,134217728
replay,134,6,85,1,10000000,1,72490,0,10520408733832445954,68719476736
replay,135,6,86,1,10000000,1,55409,0,10520408733832708096,16
replay,136,6,95,1,10000000,1,5005672,12,10520408733832708096,16384
replay,137,6,95,1,10000000,1,476156,1,10520408733832708096,16777216
replay,138,6,94,1,10000000,2,7088832,18,10520408733832708096,268435456
replay,139,6,88,1,10000000,1,399692,0,10520408733849223168,4
replay,140,6,79,1,10000000,1,193507,0,10520408733849223168,64
replay,141,6,82,1,10000000,1,77681,0,10520408733849223168,65536
replay,142,6,84,1,10000000,1,128089,0,10520408733849223168,67108864
replay,143,6,87,1,10000000,2,6654211,17,10520408738128461824,16384
replay,144,6,76,1,10000000,1,30475,0,10520408739209543680,0
replay,145,6,75,1,10000000,1,132864,0,10520408746717347840,24
replay,146,6,76,1,10000000,1,49083,0,10520408746717347840,520
replay,147,6,77,1,10000000,1,310140,0,10520408746717347842,8
replay,148,6,79,1,10000000,1,198380,0,10520408746717347856,8
replay,149,6,80,1,10000000,1,191490,0,10520408746717348096,8
replay,150,6,66,1,10000000,1,983973,2,10520408746717351936,8
replay,151,6,84,1,10000000,1,1511141,3,10520408746717609984,8
replay,152,6,82,1,10000000,1,244575,0,10520408746719444992,8
replay,153,6,76,1,10000000,1,1040418,2,10520408746734125056,8
replay,154,6,65,1,10000000,1,83957,0,10520408746851565568,8
replay,155,6,84,1,10000000,1,776536,1,10520408747795283968,0
replay,156,6,96,1,10000000,2,9258021,24,10520408751012577280,0
replay,157,6,64,1,10000000,1,62925,0,10520408763897217032,67108864
replay,158,6,65,1,10000000,1,73233,0,10520408763897217152,67108864
replay,159,6,70,1,10000000,1,262524,0,10520408763897219072,67108864
replay,160,6,66,1,10000000,1,162953,0,10520408763897741312,67108864
replay,161,6,85,1,10000000,1,2511804,6,10520408763901427712,0
replay,162,6,64,1,10000000,1,27787,0,10520408764970958848,67108864
replay,163,6,70,1,10000000,1,324081,0,10520408768208961536,0
replay,164,6,89,1,10000000,1,902632,2,10520408798261166080,0
replay,165,6,72,1,10000000,1,240744,0,10520408800421216256,0
replay,166,6,69,1,10000000,1,79837,0,10520408866976432132,67108864
replay,167,6,70,1,10000000,1,235414,0,10520408868058562560,0
replay,168,6,70,1,10000000,1,56570,0,10520408884156301312,8
replay,169,6,86,1,10000000,1,3139548,7,10520409005493321728,0
replay,170,6,75,1,10000000,1,879571,2,10520409279294341120,16384
replay,171,6,73,1,10000000,1,140200,0,10520409846228975616,8
replay,172,6,85,1,10000000,2,4552054,11,10520413127583989760,10240
replay,173,6,86,1,10000000,1,446401,1,10520413127583989764,68719476736
replay,174,6,86,1,10000000,1,117136,0,10520413127583989824,68719476736
replay,175,6,76,1,10000000,1,2143530,5,10520413127583990784,68719476736
replay,176,6,80,1,10000000,1,258362,0,10520413127584022528,68719476736
replay,177,6,68,1,10000000,1,460674,1,10520413127585038336,68719476736
replay,178,6,87,1,10000000,1,816801,1,10520417525631549440,16384
replay,179,6,89,1,10000000,1,1715000,4,10520426321727733760,0
replay,180,6,95,1,10000000,2,8608823,22,10520426326018752512,0
replay,181,6,76,1,10000000,1,182583,0,10520443913909567490,16384
replay,182,6,79,1,10000000,1,262420,0,10520443913909567616,16384
replay,183,6,77,1,10000000,1,97425,0,10520443913909575680,16384
replay,184,6,82,1,10000000,1,681644,1,10520443913909829632,16384
replay,185,6,90,1,10000000,2,7484766,19,10520443913913778176,0
replay,186,6,86,1,10000000,1,1099173,2,10520443913976676352,16384
replay,187,6,85,1,10000000,1,848574,1,10520443914983309312,16384
replay,188,6,65,1,10000000,1,136894,0,10520443916073828352,0
replay,189,6,70,1,10000000,1,134083,0,10520443931089436672,8
replay,190,6,68,1,10000000,1,1221373,3,10520444051348520960,16384
replay,191,6,80,1,10000000,1,737141,1,10520446112932823040,16384
replay,192,6,79,1,10000000,1,440667,1,10520479099359592448,0
replay,193,6,72,1,10000000,1,1113333,2,10520549467025833988,67108864
replay,194,6,81,1,10000000,1,1147388,2,10520549468103770112,0
replay,195,6,68,1,10000000,1,118593,0,10520549484205703168,8
replay,196,6,78,1,10000000,1,52796,0,10520690205592125440,0
replay,197,6,76,1,10000000,1,107764,0,10520690208825933824,0
replay,198,6,86,1,10000000,1,222777,0,10520971679495110656,0
replay,199,6,59,1,10000000,1,103598,0,10521534629461098496,32768
replay,200,6,74,1,10000000,1,368642,0,10522660546531033088,8
replay,201,6,79,1,10000000,1,60305,0,10529415928792219652,67108864
replay,202,6,73,1,10000000,1,41637,0,10538423128046960644,67108864
replay,203,6,75,1,10000000,1,287738,0,10952754294301918208,68719476736
# replay_done rows=204 wall_s=500
