{
  "cache_boundary_exact": true,
  "cached_loss_children": 105,
  "canonical_s5_children": 105,
  "class_key": [
    1297036692816953344,
    0
  ],
  "coverage": [
    15,
    17,
    45,
    53,
    57,
    63
  ],
  "raw_edges": [
    [
      15,
      57
    ],
    [
      17,
      63
    ],
    [
      45,
      57
    ],
    [
      53,
      63
    ]
  ],
  "reason": "all canonical s5 children are exact LOSS",
  "root": [
    60,
    27
  ],
  "s4_verdict": "LOSS"
}
REPLY27_LOSS_CLASS_CACHE_OK
