{
  "allow_extra": true,
  "cache_boundary_exact": true,
  "cache_extra_rows": 3134,
  "cache_rows_total": 3234,
  "cached_loss_children": 100,
  "canonical_s5_children": 100,
  "class_key": [
    1152921504766230528,
    0
  ],
  "coverage": [
    23,
    24,
    30,
    31
  ],
  "raw_edges": [
    [
      23,
      24
    ],
    [
      30,
      31
    ]
  ],
  "reason": "all canonical s5 children are exact LOSS",
  "root": [
    60,
    27
  ],
  "s4_verdict": "LOSS"
}
REPLY27_LOSS_CLASS_CACHE_OK
