{
  "allow_extra": true,
  "cache_boundary_exact": true,
  "cache_extra_rows": 3402,
  "cache_rows_total": 3513,
  "cached_loss_children": 111,
  "canonical_s5_children": 111,
  "class_key": [
    1301540292310335488,
    0
  ],
  "coverage": [
    78,
    86,
    92,
    94
  ],
  "raw_edges": [
    [
      78,
      92
    ],
    [
      86,
      94
    ]
  ],
  "reason": "all canonical s5 children are exact LOSS",
  "root": [
    60,
    27
  ],
  "s4_verdict": "LOSS"
}
REPLY27_LOSS_CLASS_CACHE_OK
