{
  "allow_extra": true,
  "cache_boundary_exact": true,
  "cache_extra_rows": 3315,
  "cache_rows_total": 3418,
  "cached_loss_children": 103,
  "canonical_s5_children": 103,
  "class_key": [
    1297036967560609796,
    0
  ],
  "coverage": [
    22,
    32,
    58,
    62
  ],
  "raw_edges": [
    [
      22,
      58
    ],
    [
      32,
      62
    ]
  ],
  "reason": "all canonical s5 children are exact LOSS",
  "root": [
    60,
    27
  ],
  "s4_verdict": "LOSS"
}
REPLY27_LOSS_CLASS_CACHE_OK
