{
  "allow_extra": true,
  "cache_boundary_exact": true,
  "cache_extra_rows": 2722,
  "cache_rows_total": 2822,
  "cached_loss_children": 100,
  "canonical_s5_children": 100,
  "class_key": [
    1297036693756510208,
    0
  ],
  "coverage": [
    56,
    64,
    90,
    96
  ],
  "raw_edges": [
    [
      56,
      90
    ],
    [
      64,
      96
    ]
  ],
  "reason": "all canonical s5 children are exact LOSS",
  "root": [
    60,
    27
  ],
  "s4_verdict": "LOSS"
}
REPLY27_LOSS_CLASS_CACHE_OK
