{
  "allow_extra": true,
  "cache_boundary_exact": true,
  "cache_extra_rows": 3218,
  "cache_rows_total": 3321,
  "cached_loss_children": 103,
  "canonical_s5_children": 103,
  "class_key": [
    1306043891937574912,
    0
  ],
  "coverage": [
    67,
    75,
    103,
    105
  ],
  "raw_edges": [
    [
      67,
      103
    ],
    [
      75,
      105
    ]
  ],
  "reason": "all canonical s5 children are exact LOSS",
  "root": [
    60,
    27
  ],
  "s4_verdict": "LOSS"
}
REPLY27_LOSS_CLASS_CACHE_OK
