{
  "allow_extra": true,
  "cache_boundary_exact": true,
  "cache_extra_rows": 2978,
  "cache_rows_total": 3076,
  "cached_loss_children": 98,
  "canonical_s5_children": 98,
  "class_key": [
    1153202979717779456,
    0
  ],
  "coverage": [
    12,
    20,
    48,
    50
  ],
  "raw_edges": [
    [
      12,
      48
    ],
    [
      20,
      50
    ]
  ],
  "reason": "all canonical s5 children are exact LOSS",
  "root": [
    60,
    27
  ],
  "s4_verdict": "LOSS"
}
REPLY27_LOSS_CLASS_CACHE_OK
