{
  "best_target": {
    "key": [
      1153202979717779456,
      0
    ],
    "new_vertices": [
      12,
      20,
      48,
      50
    ],
    "targets_out": "research\\experiments\\n11-boundary-recovery-20261006\\output\\post-next2-best-class.csv",
    "unknown_s5": 91
  },
  "derived_cache_entries": 2822,
  "loss_classes": 19,
  "ranking": [
    {
      "all_s5": 98,
      "coverage": [
        12,
        20,
        48,
        50
      ],
      "key": [
        1153202979717779456,
        0
      ],
      "known_loss_fraction": 0.07142857142857142,
      "known_loss_s5": 7,
      "max_unknown_legal": 97,
      "min_unknown_legal": 78,
      "new_vertex_count": 4,
      "new_vertices": [
        12,
        20,
        48,
        50
      ],
      "rank": 1,
      "unknown_per_new_vertex": 22.75,
      "unknown_s5": 91
    },
    {
      "all_s5": 100,
      "coverage": [
        23,
        24,
        30,
        31
      ],
      "key": [
        1152921504766230528,
        0
      ],
      "known_loss_fraction": 0.08,
      "known_loss_s5": 8,
      "max_unknown_legal": 99,
      "min_unknown_legal": 82,
      "new_vertex_count": 4,
      "new_vertices": [
        23,
        24,
        30,
        31
      ],
      "rank": 2,
      "unknown_per_new_vertex": 23.0,
      "unknown_s5": 92
    },
    {
      "all_s5": 103,
      "coverage": [
        22,
        32,
        58,
        62
      ],
      "key": [
        1297036967560609796,
        0
      ],
      "known_loss_fraction": 0.0970873786407767,
      "known_loss_s5": 10,
      "max_unknown_legal": 102,
      "min_unknown_legal": 82,
      "new_vertex_count": 4,
      "new_vertices": [
        22,
        32,
        58,
        62
      ],
      "rank": 3,
      "unknown_per_new_vertex": 23.25,
      "unknown_s5": 93
    },
    {
      "all_s5": 100,
      "coverage": [
        67,
        75,
        100,
        108
      ],
      "key": [
        1297036692683882496,
        0
      ],
      "known_loss_fraction": 0.02,
      "known_loss_s5": 2,
      "max_unknown_legal": 99,
      "min_unknown_legal": 73,
      "new_vertex_count": 4,
      "new_vertices": [
        67,
        75,
        100,
        108
      ],
      "rank": 4,
      "unknown_per_new_vertex": 24.5,
      "unknown_s5": 98
    },
    {
      "all_s5": 106,
      "coverage": [
        59,
        61,
        89,
        97
      ],
      "key": [
        1297599642636648448,
        0
      ],
      "known_loss_fraction": 0.04716981132075472,
      "known_loss_s5": 5,
      "max_unknown_legal": 105,
      "min_unknown_legal": 82,
      "new_vertex_count": 4,
      "new_vertices": [
        59,
        61,
        89,
        97
      ],
      "rank": 5,
      "unknown_per_new_vertex": 25.25,
      "unknown_s5": 101
    },
    {
      "all_s5": 111,
      "coverage": [
        78,
        86,
        92,
        94
      ],
      "key": [
        1301540292310335488,
        0
      ],
      "known_loss_fraction": 0.08108108108108109,
      "known_loss_s5": 9,
      "max_unknown_legal": 110,
      "min_unknown_legal": 94,
      "new_vertex_count": 4,
      "new_vertices": [
        78,
        86,
        92,
        94
      ],
      "rank": 6,
      "unknown_per_new_vertex": 25.5,
      "unknown_s5": 102
    },
    {
      "all_s5": 106,
      "coverage": [
        70,
        72,
        103,
        105
      ],
      "key": [
        1307169791844286464,
        0
      ],
      "known_loss_fraction": 0.03773584905660377,
      "known_loss_s5": 4,
      "max_unknown_legal": 104,
      "min_unknown_legal": 81,
      "new_vertex_count": 4,
      "new_vertices": [
        70,
        72,
        103,
        105
      ],
      "rank": 7,
      "unknown_per_new_vertex": 25.5,
      "unknown_s5": 102
    },
    {
      "all_s5": 102,
      "coverage": [
        5,
        55,
        57,
        63,
        65
      ],
      "key": [
        1297036692816920608,
        0
      ],
      "known_loss_fraction": 0.13725490196078433,
      "known_loss_s5": 14,
      "max_unknown_legal": 100,
      "min_unknown_legal": 79,
      "new_vertex_count": 3,
      "new_vertices": [
        5,
        55,
        65
      ],
      "rank": 8,
      "unknown_per_new_vertex": 29.333333333333332,
      "unknown_s5": 88
    },
    {
      "all_s5": 100,
      "coverage": [
        34,
        42,
        82
      ],
      "key": [
        5908722711110107136,
        0
      ],
      "known_loss_fraction": 0.12,
      "known_loss_s5": 12,
      "max_unknown_legal": 98,
      "min_unknown_legal": 82,
      "new_vertex_count": 3,
      "new_vertices": [
        34,
        42,
        82
      ],
      "rank": 9,
      "unknown_per_new_vertex": 29.333333333333332,
      "unknown_s5": 88
    },
    {
      "all_s5": 102,
      "coverage": [
        33,
        38,
        43
      ],
      "key": [
        1152921788208906240,
        0
      ],
      "known_loss_fraction": 0.09803921568627451,
      "known_loss_s5": 10,
      "max_unknown_legal": 101,
      "min_unknown_legal": 86,
      "new_vertex_count": 3,
      "new_vertices": [
        33,
        38,
        43
      ],
      "rank": 10,
      "unknown_per_new_vertex": 30.666666666666668,
      "unknown_s5": 92
    },
    {
      "all_s5": 101,
      "coverage": [
        77,
        87,
        104
      ],
      "key": [
        10448351135499550728,
        0
      ],
      "known_loss_fraction": 0.04950495049504951,
      "known_loss_s5": 5,
      "max_unknown_legal": 99,
      "min_unknown_legal": 81,
      "new_vertex_count": 3,
      "new_vertices": [
        77,
        87,
        104
      ],
      "rank": 11,
      "unknown_per_new_vertex": 32.0,
      "unknown_s5": 96
    },
    {
      "all_s5": 108,
      "coverage": [
        49,
        88,
        98
      ],
      "key": [
        1873497444986126592,
        0
      ],
      "known_loss_fraction": 0.037037037037037035,
      "known_loss_s5": 4,
      "max_unknown_legal": 107,
      "min_unknown_legal": 92,
      "new_vertex_count": 3,
      "new_vertices": [
        49,
        88,
        98
      ],
      "rank": 12,
      "unknown_per_new_vertex": 34.666666666666664,
      "unknown_s5": 104
    }
  ],
  "ranking_rule": "unknown_s5/new_vertices, then unknown_s5, then known-loss fraction",
  "repair_classes": 12,
  "root": [
    60,
    27
  ],
  "secured_vertices": 76,
  "win_forbidden_classes": 131
}
REPLY27_COMPLETION_RANK_OK
