{
  "cache_entries": 2732,
  "claim": "exact minimum number of additional UNKNOWN s4 classes under the supplied exact s5 cache; UNKNOWN classes are work targets",
  "class_status_counts": {
    "LOSS": 18,
    "UNKNOWN": 3235,
    "WIN": 131
  },
  "dual_certificate_matches_integer_optimum": true,
  "dual_max_class_weight": "1",
  "dual_positive_weights": {
    "100": "1/2",
    "103": "1/2",
    "104": "1/2",
    "12": "1/2",
    "22": "1/2",
    "23": "1/2",
    "24": "1/2",
    "33": "1/2",
    "34": "1/2",
    "38": "1/2",
    "48": "1/2",
    "49": "1/2",
    "5": "1/2",
    "55": "1/2",
    "56": "1/2",
    "58": "1/2",
    "59": "1/2",
    "67": "1/2",
    "70": "1/2",
    "77": "1/2",
    "78": "1/2",
    "82": "1/2",
    "88": "1/2",
    "89": "1/2",
    "90": "1/2",
    "92": "1/2"
  },
  "fractional_dual_optimum": 13.0,
  "minimum_additional_classes": 13,
  "proved_loss_classes": [
    [
      1152921505009500160,
      16
    ],
    [
      1152991873485307904,
      0
    ],
    [
      1297036692816953344,
      0
    ],
    [
      3602879701929951232,
      0
    ],
    [
      10412322338514141184,
      0
    ],
    [
      10520408729537478657,
      0
    ],
    [
      10520408729537478658,
      0
    ],
    [
      10520408729537478672,
      0
    ],
    [
      10520408729537480704,
      0
    ],
    [
      10520408729541672960,
      0
    ],
    [
      10520408729545867264,
      0
    ],
    [
      10520408738127413248,
      0
    ],
    [
      10520408746717347840,
      0
    ],
    [
      10520408763897217024,
      0
    ],
    [
      10520408798256955392,
      0
    ],
    [
      10520408866976432128,
      0
    ],
    [
      10520426321723523072,
      0
    ],
    [
      10520549467025833984,
      0
    ]
  ],
  "rational_dual_total": "13",
  "root": [
    60,
    27
  ],
  "secured_vertices": 72,
  "selected_classes": [
    {
      "coverage": [
        23,
        31,
        34,
        42
      ],
      "key": [
        1152921524068417536,
        0
      ]
    },
    {
      "coverage": [
        33,
        38,
        43
      ],
      "key": [
        1152921788208906240,
        0
      ]
    },
    {
      "coverage": [
        22,
        32,
        88,
        98
      ],
      "key": [
        1297036692682703108,
        0
      ]
    },
    {
      "coverage": [
        24,
        30,
        77,
        87
      ],
      "key": [
        1297036692699480192,
        0
      ]
    },
    {
      "coverage": [
        12,
        20,
        57,
        63,
        100,
        108
      ],
      "key": [
        1297036692817969152,
        0
      ]
    },
    {
      "coverage": [
        5,
        67,
        75
      ],
      "key": [
        1333065489701797888,
        0
      ]
    },
    {
      "coverage": [
        49,
        103,
        105
      ],
      "key": [
        1882504644240867328,
        0
      ]
    },
    {
      "coverage": [
        55,
        58,
        62,
        65
      ],
      "key": [
        5800636320187416576,
        0
      ]
    },
    {
      "coverage": [
        59,
        61,
        82
      ],
      "key": [
        5909285661063512064,
        0
      ]
    },
    {
      "coverage": [
        70,
        72,
        89,
        97
      ],
      "key": [
        10376293541461630976,
        64
      ]
    },
    {
      "coverage": [
        78,
        86,
        92,
        94
      ],
      "key": [
        10376293541461639168,
        16
      ]
    },
    {
      "coverage": [
        56,
        64,
        90,
        96
      ],
      "key": [
        10376293541461688320,
        67108864
      ]
    },
    {
      "coverage": [
        48,
        50,
        104
      ],
      "key": [
        10449477035406393344,
        0
      ]
    }
  ],
  "uncovered_vertices": 47
}
CACHE_AWARE_REPLY27_CARDINALITY_OK
