{
  "cache_entries": 2822,
  "claim": "exact minimum number of additional UNKNOWN s4 classes under the supplied exact s5 cache; UNKNOWN classes are work targets",
  "class_status_counts": {
    "LOSS": 19,
    "UNKNOWN": 3234,
    "WIN": 131
  },
  "dual_certificate_matches_integer_optimum": true,
  "dual_max_class_weight": "1",
  "dual_positive_weights": {
    "100": "1/2",
    "103": "1/2",
    "104": "1/2",
    "12": "1/2",
    "22": "1/2",
    "23": "1/2",
    "24": "1/2",
    "33": "1/2",
    "34": "1/2",
    "38": "1/2",
    "48": "1/2",
    "49": "1/2",
    "5": "1/2",
    "55": "1/2",
    "58": "1/2",
    "59": "1/2",
    "67": "1/2",
    "70": "1/2",
    "77": "1/2",
    "78": "1/2",
    "82": "1/2",
    "88": "1/2",
    "89": "1/2",
    "92": "1/2"
  },
  "fractional_dual_optimum": 12.0,
  "minimum_additional_classes": 12,
  "proved_loss_classes": [
    [
      1152921505009500160,
      16
    ],
    [
      1152991873485307904,
      0
    ],
    [
      1297036692816953344,
      0
    ],
    [
      1297036693756510208,
      0
    ],
    [
      3602879701929951232,
      0
    ],
    [
      10412322338514141184,
      0
    ],
    [
      10520408729537478657,
      0
    ],
    [
      10520408729537478658,
      0
    ],
    [
      10520408729537478672,
      0
    ],
    [
      10520408729537480704,
      0
    ],
    [
      10520408729541672960,
      0
    ],
    [
      10520408729545867264,
      0
    ],
    [
      10520408738127413248,
      0
    ],
    [
      10520408746717347840,
      0
    ],
    [
      10520408763897217024,
      0
    ],
    [
      10520408798256955392,
      0
    ],
    [
      10520408866976432128,
      0
    ],
    [
      10520426321723523072,
      0
    ],
    [
      10520549467025833984,
      0
    ]
  ],
  "rational_dual_total": "12",
  "root": [
    60,
    27
  ],
  "secured_vertices": 76,
  "selected_classes": [
    {
      "coverage": [
        5,
        33,
        43
      ],
      "key": [
        1152921513330999328,
        0
      ]
    },
    {
      "coverage": [
        23,
        31,
        38
      ],
      "key": [
        1152921779627360256,
        0
      ]
    },
    {
      "coverage": [
        34,
        42,
        77,
        87
      ],
      "key": [
        1297036692682719360,
        0
      ]
    },
    {
      "coverage": [
        12,
        20,
        78,
        86
      ],
      "key": [
        1297036692682969088,
        0
      ]
    },
    {
      "coverage": [
        67,
        75,
        89,
        97
      ],
      "key": [
        1297036692683358208,
        0
      ]
    },
    {
      "coverage": [
        24,
        30,
        100,
        108
      ],
      "key": [
        1297036692700528640,
        0
      ]
    },
    {
      "coverage": [
        22,
        32,
        59,
        61
      ],
      "key": [
        1297599642636124164,
        0
      ]
    },
    {
      "coverage": [
        49,
        88,
        98
      ],
      "key": [
        1873497444986126592,
        0
      ]
    },
    {
      "coverage": [
        58,
        62,
        70,
        72
      ],
      "key": [
        5764607523168452608,
        64
      ]
    },
    {
      "coverage": [
        55,
        65,
        82
      ],
      "key": [
        5908722711110090784,
        0
      ]
    },
    {
      "coverage": [
        92,
        94,
        103,
        105
      ],
      "key": [
        10376363910205800448,
        8
      ]
    },
    {
      "coverage": [
        48,
        50,
        104
      ],
      "key": [
        10449477035406393344,
        0
      ]
    }
  ],
  "uncovered_vertices": 43
}
CACHE_AWARE_REPLY27_CARDINALITY_OK
