{
  "allow_extra": true,
  "cache_boundary_exact": true,
  "cache_extra_rows": 5259,
  "cache_rows_total": 5364,
  "cached_loss_children": 105,
  "canonical_s5_children": 105,
  "class_key": [
    10448351135499550721,
    0
  ],
  "coverage": [
    104,
    110,
    120
  ],
  "raw_edges": [
    [
      104,
      110
    ],
    [
      104,
      120
    ]
  ],
  "reason": "all canonical s5 children are exact LOSS",
  "root": [
    60,
    27
  ],
  "s4_verdict": "LOSS"
}
REPLY27_LOSS_CLASS_CACHE_OK
